// Jest Snapshot v1, https://goo.gl/fbAQLP

exports[`Input renders without error 1`] = `
<form
  action="#"
  onReset={[Function]}
  onSubmit={[Function]}
>
  <label
    htmlFor="propertyType"
  >
    Property Type
  </label>
  <input
    autoComplete="off"
    className="Input Input-large field--valid"
    id="name"
    name="name"
    onBlur={[Function]}
    onChange={[Function]}
    placeholder="John"
    type="text"
  />
</form>
`;
