// Jest Snapshot v1, https://goo.gl/fbAQLP

exports[`TheTopNav renders without error 1`] = `
<DocumentFragment>
  <div
    class="TheTopNav"
    data-testid="TheTopNav"
  >
    <header>
      <div
        class="title"
      >
        <h1>
          Home
        </h1>
      </div>
      <div
        id="topNavPortal"
      />
    </header>
  </div>
</DocumentFragment>
`;
