// Jest Snapshot v1, https://goo.gl/fbAQLP

exports[`ListingCreateForm renders without error 1`] = `
<div>
  <div
    class="ListingCreateForm"
  >
    <h1
      class="title"
    >
      Property Details
    </h1>
    <form
      action="#"
      class="form"
    >
      <div
        class="field__container"
      >
        <label
          class="field__label"
          for="propertyType"
        >
          Type of Property
        </label>
        <div
          class="multi-dd field--valid"
        >
          <header
            class="multi-dd__trigger"
          >
            <div
              class="multi-dd__trigger-content"
            >
              Select Property Type
            </div>
            <button
              class="icon-button icon-button--default mulit-dd__trigger-btn"
              type="button"
            >
              <div
                class="icon__container"
              >
                <i
                  class="material-icons"
                >
                  keyboard_arrow_down
                </i>
                <div
                  class="icon__background"
                />
              </div>
            </button>
          </header>
          <div
            class="multi-dd__content hidden"
          />
        </div>
      </div>
      <div
        class="field__container"
      >
        <label
          class="field__label"
          for="eircode"
        >
          Eircode
        </label>
        <div>
          <div
            class="CharacterInput"
          >
            <div
              class="TextInput__input__container TextInput--single"
              style="transform: none;"
            >
              <input
                autocomplete="off"
                class="TextInput__input TextInput--text"
                maxlength="1"
                pattern="[A-Za-z0-9]{1}"
                type="text"
                value=""
              />
            </div>
            <div
              class="TextInput__input__container TextInput--single"
              style="transform: none;"
            >
              <input
                autocomplete="off"
                class="TextInput__input TextInput--text"
                maxlength="1"
                pattern="[A-Za-z0-9]{1}"
                type="text"
                value=""
              />
            </div>
            <div
              class="TextInput__input__container TextInput--single"
              style="transform: none;"
            >
              <input
                autocomplete="off"
                class="TextInput__input TextInput--text"
                maxlength="1"
                pattern="[A-Za-z0-9]{1}"
                type="text"
                value=""
              />
            </div>
            <div
              class="TextInput__input__container TextInput--single"
              style="transform: none;"
            >
              <input
                autocomplete="off"
                class="TextInput__input TextInput--text"
                maxlength="1"
                pattern="[A-Za-z0-9]{1}"
                type="text"
                value=""
              />
            </div>
            <div
              class="TextInput__input__container TextInput--single"
              style="transform: none;"
            >
              <input
                autocomplete="off"
                class="TextInput__input TextInput--text"
                maxlength="1"
                pattern="[A-Za-z0-9]{1}"
                type="text"
                value=""
              />
            </div>
            <div
              class="TextInput__input__container TextInput--single"
              style="transform: none;"
            >
              <input
                autocomplete="off"
                class="TextInput__input TextInput--text"
                maxlength="1"
                pattern="[A-Za-z0-9]{1}"
                type="text"
                value=""
              />
            </div>
            <div
              class="TextInput__input__container TextInput--single"
              style="transform: none;"
            >
              <input
                autocomplete="off"
                class="TextInput__input TextInput--text"
                maxlength="1"
                pattern="[A-Za-z0-9]{1}"
                type="text"
                value=""
              />
            </div>
          </div>
        </div>
      </div>
      <div
        class="field__container"
      >
        <label
          class="field__label"
          for="propertyType"
        >
          Address
        </label>
        <div
          class="TextInput__input__container TextInput--medium"
        >
          <input
            autocomplete="off"
            class="TextInput__input TextInput--text"
            id="name"
            name="address"
            placeholder="Enter the first line of your address"
            type="text"
            value=""
          />
        </div>
      </div>
      <div
        class="field__container"
      >
        <div
          class="field__label"
        >
          Description
        </div>
        <div
          class="RichTextEditor"
        >
          <div
            contenteditable="true"
            data-gramm="false"
            data-slate-editor="true"
            data-slate-node="value"
            role="textbox"
            spellcheck="true"
            style="outline: none; white-space: pre-wrap; word-wrap: break-word;"
          >
            <p
              data-slate-node="element"
            >
              <span
                data-slate-node="text"
              >
                <span
                  data-slate-leaf="true"
                >
                  <span
                    contenteditable="false"
                    style="pointer-events: none; display: inline-block; width: 0px; max-width: 100%; white-space: nowrap; opacity: 0.333; user-select: none; font-style: normal; font-weight: normal; text-decoration: none;"
                  >
                    Tell us about the Property
                  </span>
                  <span
                    data-slate-length="0"
                    data-slate-zero-width="n"
                  >
                    ﻿
                    <br />
                  </span>
                </span>
              </span>
            </p>
          </div>
        </div>
      </div>
      <div
        class="field__container"
      >
        <label
          class="field__label"
          for="propertyType"
        >
          Images
        </label>
        <div
          class="ImageUploader"
        >
          <input
            accept="image/*"
            multiple=""
            style="display: none;"
            type="file"
          />
          <div
            class="ImageUploader__wrapper"
          >
            <button
              class="ImageUploader__drop"
              type="button"
            >
              Click or Drop here
            </button>
            <div
              class="ImageUploader__images"
            />
          </div>
        </div>
      </div>
    </form>
  </div>
</div>
`;
